 prokind | user  | privilege | granted | schema |                                                                                                                                                                                                                                                                      func                                                                                                                                                                                                                                                                      
---------+-------+-----------+---------+--------+------------------------------------------------------------------------------------------------------------------------------------------------------------------------------------------------------------------------------------------------------------------------------------------------------------------------------------------------------------------------------------------------------------------------------------------------------------------------------------------------------------------------------------------------
 f       | alice | execute   | YES     | ai     | _validate_chunking(config jsonb, source_schema name, source_table name)
 f       | bob   | execute   | no      | ai     | _validate_chunking(config jsonb, source_schema name, source_table name)
 f       | fred  | execute   | no      | ai     | _validate_chunking(config jsonb, source_schema name, source_table name)
 f       | jill  | execute   | YES     | ai     | _validate_chunking(config jsonb, source_schema name, source_table name)
 f       | alice | execute   | YES     | ai     | _validate_embedding(config jsonb)
 f       | bob   | execute   | no      | ai     | _validate_embedding(config jsonb)
 f       | fred  | execute   | no      | ai     | _validate_embedding(config jsonb)
 f       | jill  | execute   | YES     | ai     | _validate_embedding(config jsonb)
 f       | alice | execute   | YES     | ai     | _validate_formatting(config jsonb, source_schema name, source_table name)
 f       | bob   | execute   | no      | ai     | _validate_formatting(config jsonb, source_schema name, source_table name)
 f       | fred  | execute   | no      | ai     | _validate_formatting(config jsonb, source_schema name, source_table name)
 f       | jill  | execute   | YES     | ai     | _validate_formatting(config jsonb, source_schema name, source_table name)
 f       | alice | execute   | YES     | ai     | _validate_formatting_python_template(config jsonb, source_schema name, source_table name)
 f       | bob   | execute   | no      | ai     | _validate_formatting_python_template(config jsonb, source_schema name, source_table name)
 f       | fred  | execute   | no      | ai     | _validate_formatting_python_template(config jsonb, source_schema name, source_table name)
 f       | jill  | execute   | YES     | ai     | _validate_formatting_python_template(config jsonb, source_schema name, source_table name)
 f       | alice | execute   | YES     | ai     | _validate_indexing(config jsonb)
 f       | bob   | execute   | no      | ai     | _validate_indexing(config jsonb)
 f       | fred  | execute   | no      | ai     | _validate_indexing(config jsonb)
 f       | jill  | execute   | YES     | ai     | _validate_indexing(config jsonb)
 f       | alice | execute   | YES     | ai     | _validate_indexing_diskann(config jsonb)
 f       | bob   | execute   | no      | ai     | _validate_indexing_diskann(config jsonb)
 f       | fred  | execute   | no      | ai     | _validate_indexing_diskann(config jsonb)
 f       | jill  | execute   | YES     | ai     | _validate_indexing_diskann(config jsonb)
 f       | alice | execute   | YES     | ai     | _validate_indexing_hnsw(config jsonb)
 f       | bob   | execute   | no      | ai     | _validate_indexing_hnsw(config jsonb)
 f       | fred  | execute   | no      | ai     | _validate_indexing_hnsw(config jsonb)
 f       | jill  | execute   | YES     | ai     | _validate_indexing_hnsw(config jsonb)
 f       | alice | execute   | YES     | ai     | _validate_scheduling(config jsonb)
 f       | bob   | execute   | no      | ai     | _validate_scheduling(config jsonb)
 f       | fred  | execute   | no      | ai     | _validate_scheduling(config jsonb)
 f       | jill  | execute   | YES     | ai     | _validate_scheduling(config jsonb)
 f       | alice | execute   | YES     | ai     | _vectorizer_create_queue_table(queue_schema name, queue_table name, source_pk jsonb, grant_to name[])
 f       | bob   | execute   | no      | ai     | _vectorizer_create_queue_table(queue_schema name, queue_table name, source_pk jsonb, grant_to name[])
 f       | fred  | execute   | no      | ai     | _vectorizer_create_queue_table(queue_schema name, queue_table name, source_pk jsonb, grant_to name[])
 f       | jill  | execute   | YES     | ai     | _vectorizer_create_queue_table(queue_schema name, queue_table name, source_pk jsonb, grant_to name[])
 f       | alice | execute   | YES     | ai     | _vectorizer_create_source_trigger(trigger_name name, queue_schema name, queue_table name, source_schema name, source_table name, source_pk jsonb)
 f       | bob   | execute   | no      | ai     | _vectorizer_create_source_trigger(trigger_name name, queue_schema name, queue_table name, source_schema name, source_table name, source_pk jsonb)
 f       | fred  | execute   | no      | ai     | _vectorizer_create_source_trigger(trigger_name name, queue_schema name, queue_table name, source_schema name, source_table name, source_pk jsonb)
 f       | jill  | execute   | YES     | ai     | _vectorizer_create_source_trigger(trigger_name name, queue_schema name, queue_table name, source_schema name, source_table name, source_pk jsonb)
 f       | alice | execute   | YES     | ai     | _vectorizer_create_target_table(source_schema name, source_table name, source_pk jsonb, target_schema name, target_table name, dimensions integer, grant_to name[])
 f       | bob   | execute   | no      | ai     | _vectorizer_create_target_table(source_schema name, source_table name, source_pk jsonb, target_schema name, target_table name, dimensions integer, grant_to name[])
 f       | fred  | execute   | no      | ai     | _vectorizer_create_target_table(source_schema name, source_table name, source_pk jsonb, target_schema name, target_table name, dimensions integer, grant_to name[])
 f       | jill  | execute   | YES     | ai     | _vectorizer_create_target_table(source_schema name, source_table name, source_pk jsonb, target_schema name, target_table name, dimensions integer, grant_to name[])
 f       | alice | execute   | YES     | ai     | _vectorizer_create_vector_index(target_schema name, target_table name, indexing jsonb)
 f       | bob   | execute   | no      | ai     | _vectorizer_create_vector_index(target_schema name, target_table name, indexing jsonb)
 f       | fred  | execute   | no      | ai     | _vectorizer_create_vector_index(target_schema name, target_table name, indexing jsonb)
 f       | jill  | execute   | YES     | ai     | _vectorizer_create_vector_index(target_schema name, target_table name, indexing jsonb)
 f       | alice | execute   | YES     | ai     | _vectorizer_create_view(view_schema name, view_name name, source_schema name, source_table name, source_pk jsonb, target_schema name, target_table name, grant_to name[])
 f       | bob   | execute   | no      | ai     | _vectorizer_create_view(view_schema name, view_name name, source_schema name, source_table name, source_pk jsonb, target_schema name, target_table name, grant_to name[])
 f       | fred  | execute   | no      | ai     | _vectorizer_create_view(view_schema name, view_name name, source_schema name, source_table name, source_pk jsonb, target_schema name, target_table name, grant_to name[])
 f       | jill  | execute   | YES     | ai     | _vectorizer_create_view(view_schema name, view_name name, source_schema name, source_table name, source_pk jsonb, target_schema name, target_table name, grant_to name[])
 f       | alice | execute   | YES     | ai     | _vectorizer_grant_to_source(source_schema name, source_table name, grant_to name[])
 f       | bob   | execute   | no      | ai     | _vectorizer_grant_to_source(source_schema name, source_table name, grant_to name[])
 f       | fred  | execute   | no      | ai     | _vectorizer_grant_to_source(source_schema name, source_table name, grant_to name[])
 f       | jill  | execute   | YES     | ai     | _vectorizer_grant_to_source(source_schema name, source_table name, grant_to name[])
 f       | alice | execute   | YES     | ai     | _vectorizer_grant_to_vectorizer(grant_to name[])
 f       | bob   | execute   | no      | ai     | _vectorizer_grant_to_vectorizer(grant_to name[])
 f       | fred  | execute   | no      | ai     | _vectorizer_grant_to_vectorizer(grant_to name[])
 f       | jill  | execute   | YES     | ai     | _vectorizer_grant_to_vectorizer(grant_to name[])
 p       | alice | execute   | YES     | ai     | _vectorizer_job(IN job_id integer, IN config jsonb)
 p       | bob   | execute   | no      | ai     | _vectorizer_job(IN job_id integer, IN config jsonb)
 p       | fred  | execute   | no      | ai     | _vectorizer_job(IN job_id integer, IN config jsonb)
 p       | jill  | execute   | YES     | ai     | _vectorizer_job(IN job_id integer, IN config jsonb)
 f       | alice | execute   | YES     | ai     | _vectorizer_schedule_job(vectorizer_id integer, scheduling jsonb)
 f       | bob   | execute   | no      | ai     | _vectorizer_schedule_job(vectorizer_id integer, scheduling jsonb)
 f       | fred  | execute   | no      | ai     | _vectorizer_schedule_job(vectorizer_id integer, scheduling jsonb)
 f       | jill  | execute   | YES     | ai     | _vectorizer_schedule_job(vectorizer_id integer, scheduling jsonb)
 f       | alice | execute   | YES     | ai     | _vectorizer_source_pk(source_table regclass)
 f       | bob   | execute   | no      | ai     | _vectorizer_source_pk(source_table regclass)
 f       | fred  | execute   | no      | ai     | _vectorizer_source_pk(source_table regclass)
 f       | jill  | execute   | YES     | ai     | _vectorizer_source_pk(source_table regclass)
 f       | alice | execute   | YES     | ai     | _vectorizer_src_trg_1()
 f       | bob   | execute   | no      | ai     | _vectorizer_src_trg_1()
 f       | fred  | execute   | no      | ai     | _vectorizer_src_trg_1()
 f       | jill  | execute   | no      | ai     | _vectorizer_src_trg_1()
 f       | alice | execute   | YES     | ai     | _vectorizer_vector_index_exists(target_schema name, target_table name, indexing jsonb)
 f       | bob   | execute   | no      | ai     | _vectorizer_vector_index_exists(target_schema name, target_table name, indexing jsonb)
 f       | fred  | execute   | no      | ai     | _vectorizer_vector_index_exists(target_schema name, target_table name, indexing jsonb)
 f       | jill  | execute   | YES     | ai     | _vectorizer_vector_index_exists(target_schema name, target_table name, indexing jsonb)
 f       | alice | execute   | YES     | ai     | anthropic_generate(_model text, _messages jsonb, _max_tokens integer, _api_key text, _base_url text, _timeout double precision, _max_retries integer, _system text, _user_id text, _stop_sequences text[], _temperature double precision, _tool_choice jsonb, _tools jsonb, _top_k integer, _top_p double precision)
 f       | bob   | execute   | no      | ai     | anthropic_generate(_model text, _messages jsonb, _max_tokens integer, _api_key text, _base_url text, _timeout double precision, _max_retries integer, _system text, _user_id text, _stop_sequences text[], _temperature double precision, _tool_choice jsonb, _tools jsonb, _top_k integer, _top_p double precision)
 f       | fred  | execute   | no      | ai     | anthropic_generate(_model text, _messages jsonb, _max_tokens integer, _api_key text, _base_url text, _timeout double precision, _max_retries integer, _system text, _user_id text, _stop_sequences text[], _temperature double precision, _tool_choice jsonb, _tools jsonb, _top_k integer, _top_p double precision)
 f       | jill  | execute   | YES     | ai     | anthropic_generate(_model text, _messages jsonb, _max_tokens integer, _api_key text, _base_url text, _timeout double precision, _max_retries integer, _system text, _user_id text, _stop_sequences text[], _temperature double precision, _tool_choice jsonb, _tools jsonb, _top_k integer, _top_p double precision)
 f       | alice | execute   | YES     | ai     | chunking_character_text_splitter(chunk_column name, chunk_size integer, chunk_overlap integer, separator text, is_separator_regex boolean)
 f       | bob   | execute   | no      | ai     | chunking_character_text_splitter(chunk_column name, chunk_size integer, chunk_overlap integer, separator text, is_separator_regex boolean)
 f       | fred  | execute   | no      | ai     | chunking_character_text_splitter(chunk_column name, chunk_size integer, chunk_overlap integer, separator text, is_separator_regex boolean)
 f       | jill  | execute   | YES     | ai     | chunking_character_text_splitter(chunk_column name, chunk_size integer, chunk_overlap integer, separator text, is_separator_regex boolean)
 f       | alice | execute   | YES     | ai     | chunking_recursive_character_text_splitter(chunk_column name, chunk_size integer, chunk_overlap integer, separators text[], is_separator_regex boolean)
 f       | bob   | execute   | no      | ai     | chunking_recursive_character_text_splitter(chunk_column name, chunk_size integer, chunk_overlap integer, separators text[], is_separator_regex boolean)
 f       | fred  | execute   | no      | ai     | chunking_recursive_character_text_splitter(chunk_column name, chunk_size integer, chunk_overlap integer, separators text[], is_separator_regex boolean)
 f       | jill  | execute   | YES     | ai     | chunking_recursive_character_text_splitter(chunk_column name, chunk_size integer, chunk_overlap integer, separators text[], is_separator_regex boolean)
 f       | alice | execute   | YES     | ai     | cohere_chat_complete(_model text, _message text, _api_key text, _preamble text, _chat_history jsonb, _conversation_id text, _prompt_truncation text, _connectors jsonb, _search_queries_only boolean, _documents jsonb, _citation_quality text, _temperature double precision, _max_tokens integer, _max_input_tokens integer, _k integer, _p double precision, _seed integer, _stop_sequences text[], _frequency_penalty double precision, _presence_penalty double precision, _tools jsonb, _tool_results jsonb, _force_single_step boolean)
 f       | bob   | execute   | no      | ai     | cohere_chat_complete(_model text, _message text, _api_key text, _preamble text, _chat_history jsonb, _conversation_id text, _prompt_truncation text, _connectors jsonb, _search_queries_only boolean, _documents jsonb, _citation_quality text, _temperature double precision, _max_tokens integer, _max_input_tokens integer, _k integer, _p double precision, _seed integer, _stop_sequences text[], _frequency_penalty double precision, _presence_penalty double precision, _tools jsonb, _tool_results jsonb, _force_single_step boolean)
 f       | fred  | execute   | no      | ai     | cohere_chat_complete(_model text, _message text, _api_key text, _preamble text, _chat_history jsonb, _conversation_id text, _prompt_truncation text, _connectors jsonb, _search_queries_only boolean, _documents jsonb, _citation_quality text, _temperature double precision, _max_tokens integer, _max_input_tokens integer, _k integer, _p double precision, _seed integer, _stop_sequences text[], _frequency_penalty double precision, _presence_penalty double precision, _tools jsonb, _tool_results jsonb, _force_single_step boolean)
 f       | jill  | execute   | YES     | ai     | cohere_chat_complete(_model text, _message text, _api_key text, _preamble text, _chat_history jsonb, _conversation_id text, _prompt_truncation text, _connectors jsonb, _search_queries_only boolean, _documents jsonb, _citation_quality text, _temperature double precision, _max_tokens integer, _max_input_tokens integer, _k integer, _p double precision, _seed integer, _stop_sequences text[], _frequency_penalty double precision, _presence_penalty double precision, _tools jsonb, _tool_results jsonb, _force_single_step boolean)
 f       | alice | execute   | YES     | ai     | cohere_classify(_model text, _inputs text[], _api_key text, _examples jsonb, _truncate text)
 f       | bob   | execute   | no      | ai     | cohere_classify(_model text, _inputs text[], _api_key text, _examples jsonb, _truncate text)
 f       | fred  | execute   | no      | ai     | cohere_classify(_model text, _inputs text[], _api_key text, _examples jsonb, _truncate text)
 f       | jill  | execute   | YES     | ai     | cohere_classify(_model text, _inputs text[], _api_key text, _examples jsonb, _truncate text)
 f       | alice | execute   | YES     | ai     | cohere_classify_simple(_model text, _inputs text[], _api_key text, _examples jsonb, _truncate text)
 f       | bob   | execute   | no      | ai     | cohere_classify_simple(_model text, _inputs text[], _api_key text, _examples jsonb, _truncate text)
 f       | fred  | execute   | no      | ai     | cohere_classify_simple(_model text, _inputs text[], _api_key text, _examples jsonb, _truncate text)
 f       | jill  | execute   | YES     | ai     | cohere_classify_simple(_model text, _inputs text[], _api_key text, _examples jsonb, _truncate text)
 f       | alice | execute   | YES     | ai     | cohere_detokenize(_model text, _tokens integer[], _api_key text)
 f       | bob   | execute   | no      | ai     | cohere_detokenize(_model text, _tokens integer[], _api_key text)
 f       | fred  | execute   | no      | ai     | cohere_detokenize(_model text, _tokens integer[], _api_key text)
 f       | jill  | execute   | YES     | ai     | cohere_detokenize(_model text, _tokens integer[], _api_key text)
 f       | alice | execute   | YES     | ai     | cohere_embed(_model text, _input text, _api_key text, _input_type text, _truncate text)
 f       | bob   | execute   | no      | ai     | cohere_embed(_model text, _input text, _api_key text, _input_type text, _truncate text)
 f       | fred  | execute   | no      | ai     | cohere_embed(_model text, _input text, _api_key text, _input_type text, _truncate text)
 f       | jill  | execute   | YES     | ai     | cohere_embed(_model text, _input text, _api_key text, _input_type text, _truncate text)
 f       | alice | execute   | YES     | ai     | cohere_list_models(_api_key text, _endpoint text, _default_only boolean)
 f       | bob   | execute   | no      | ai     | cohere_list_models(_api_key text, _endpoint text, _default_only boolean)
 f       | fred  | execute   | no      | ai     | cohere_list_models(_api_key text, _endpoint text, _default_only boolean)
 f       | jill  | execute   | YES     | ai     | cohere_list_models(_api_key text, _endpoint text, _default_only boolean)
 f       | alice | execute   | YES     | ai     | cohere_rerank(_model text, _query text, _documents jsonb, _api_key text, _top_n integer, _rank_fields text[], _return_documents boolean, _max_chunks_per_doc integer)
 f       | bob   | execute   | no      | ai     | cohere_rerank(_model text, _query text, _documents jsonb, _api_key text, _top_n integer, _rank_fields text[], _return_documents boolean, _max_chunks_per_doc integer)
 f       | fred  | execute   | no      | ai     | cohere_rerank(_model text, _query text, _documents jsonb, _api_key text, _top_n integer, _rank_fields text[], _return_documents boolean, _max_chunks_per_doc integer)
 f       | jill  | execute   | YES     | ai     | cohere_rerank(_model text, _query text, _documents jsonb, _api_key text, _top_n integer, _rank_fields text[], _return_documents boolean, _max_chunks_per_doc integer)
 f       | alice | execute   | YES     | ai     | cohere_rerank_simple(_model text, _query text, _documents jsonb, _api_key text, _top_n integer, _max_chunks_per_doc integer)
 f       | bob   | execute   | no      | ai     | cohere_rerank_simple(_model text, _query text, _documents jsonb, _api_key text, _top_n integer, _max_chunks_per_doc integer)
 f       | fred  | execute   | no      | ai     | cohere_rerank_simple(_model text, _query text, _documents jsonb, _api_key text, _top_n integer, _max_chunks_per_doc integer)
 f       | jill  | execute   | YES     | ai     | cohere_rerank_simple(_model text, _query text, _documents jsonb, _api_key text, _top_n integer, _max_chunks_per_doc integer)
 f       | alice | execute   | YES     | ai     | cohere_tokenize(_model text, _text text, _api_key text)
 f       | bob   | execute   | no      | ai     | cohere_tokenize(_model text, _text text, _api_key text)
 f       | fred  | execute   | no      | ai     | cohere_tokenize(_model text, _text text, _api_key text)
 f       | jill  | execute   | YES     | ai     | cohere_tokenize(_model text, _text text, _api_key text)
 f       | alice | execute   | YES     | ai     | create_vectorizer(source regclass, embedding jsonb, chunking jsonb, indexing jsonb, formatting jsonb, scheduling jsonb, target_schema name, target_table name, view_schema name, view_name name, queue_schema name, queue_table name, grant_to name[], enqueue_existing boolean)
 f       | bob   | execute   | no      | ai     | create_vectorizer(source regclass, embedding jsonb, chunking jsonb, indexing jsonb, formatting jsonb, scheduling jsonb, target_schema name, target_table name, view_schema name, view_name name, queue_schema name, queue_table name, grant_to name[], enqueue_existing boolean)
 f       | fred  | execute   | no      | ai     | create_vectorizer(source regclass, embedding jsonb, chunking jsonb, indexing jsonb, formatting jsonb, scheduling jsonb, target_schema name, target_table name, view_schema name, view_name name, queue_schema name, queue_table name, grant_to name[], enqueue_existing boolean)
 f       | jill  | execute   | YES     | ai     | create_vectorizer(source regclass, embedding jsonb, chunking jsonb, indexing jsonb, formatting jsonb, scheduling jsonb, target_schema name, target_table name, view_schema name, view_name name, queue_schema name, queue_table name, grant_to name[], enqueue_existing boolean)
 f       | alice | execute   | YES     | ai     | disable_vectorizer_schedule(vectorizer_id integer)
 f       | bob   | execute   | no      | ai     | disable_vectorizer_schedule(vectorizer_id integer)
 f       | fred  | execute   | no      | ai     | disable_vectorizer_schedule(vectorizer_id integer)
 f       | jill  | execute   | YES     | ai     | disable_vectorizer_schedule(vectorizer_id integer)
 f       | alice | execute   | YES     | ai     | drop_vectorizer(vectorizer_id integer)
 f       | bob   | execute   | no      | ai     | drop_vectorizer(vectorizer_id integer)
 f       | fred  | execute   | no      | ai     | drop_vectorizer(vectorizer_id integer)
 f       | jill  | execute   | YES     | ai     | drop_vectorizer(vectorizer_id integer)
 f       | alice | execute   | YES     | ai     | embedding_openai(model text, dimensions integer, chat_user text, api_key_name text)
 f       | bob   | execute   | no      | ai     | embedding_openai(model text, dimensions integer, chat_user text, api_key_name text)
 f       | fred  | execute   | no      | ai     | embedding_openai(model text, dimensions integer, chat_user text, api_key_name text)
 f       | jill  | execute   | YES     | ai     | embedding_openai(model text, dimensions integer, chat_user text, api_key_name text)
 f       | alice | execute   | YES     | ai     | enable_vectorizer_schedule(vectorizer_id integer)
 f       | bob   | execute   | no      | ai     | enable_vectorizer_schedule(vectorizer_id integer)
 f       | fred  | execute   | no      | ai     | enable_vectorizer_schedule(vectorizer_id integer)
 f       | jill  | execute   | YES     | ai     | enable_vectorizer_schedule(vectorizer_id integer)
 f       | alice | execute   | YES     | ai     | execute_vectorizer(vectorizer_id integer)
 f       | bob   | execute   | no      | ai     | execute_vectorizer(vectorizer_id integer)
 f       | fred  | execute   | no      | ai     | execute_vectorizer(vectorizer_id integer)
 f       | jill  | execute   | YES     | ai     | execute_vectorizer(vectorizer_id integer)
 f       | alice | execute   | YES     | ai     | formatting_python_template(template text)
 f       | bob   | execute   | no      | ai     | formatting_python_template(template text)
 f       | fred  | execute   | no      | ai     | formatting_python_template(template text)
 f       | jill  | execute   | YES     | ai     | formatting_python_template(template text)
 f       | alice | execute   | YES     | ai     | grant_ai_usage(to_user name, admin boolean)
 f       | bob   | execute   | no      | ai     | grant_ai_usage(to_user name, admin boolean)
 f       | fred  | execute   | no      | ai     | grant_ai_usage(to_user name, admin boolean)
 f       | jill  | execute   | no      | ai     | grant_ai_usage(to_user name, admin boolean)
 f       | alice | execute   | YES     | ai     | indexing_diskann(min_rows integer, storage_layout text, num_neighbors integer, search_list_size integer, max_alpha double precision, num_dimensions integer, num_bits_per_dimension integer)
 f       | bob   | execute   | no      | ai     | indexing_diskann(min_rows integer, storage_layout text, num_neighbors integer, search_list_size integer, max_alpha double precision, num_dimensions integer, num_bits_per_dimension integer)
 f       | fred  | execute   | no      | ai     | indexing_diskann(min_rows integer, storage_layout text, num_neighbors integer, search_list_size integer, max_alpha double precision, num_dimensions integer, num_bits_per_dimension integer)
 f       | jill  | execute   | YES     | ai     | indexing_diskann(min_rows integer, storage_layout text, num_neighbors integer, search_list_size integer, max_alpha double precision, num_dimensions integer, num_bits_per_dimension integer)
 f       | alice | execute   | YES     | ai     | indexing_hnsw(min_rows integer, opclass text, m integer, ef_construction integer)
 f       | bob   | execute   | no      | ai     | indexing_hnsw(min_rows integer, opclass text, m integer, ef_construction integer)
 f       | fred  | execute   | no      | ai     | indexing_hnsw(min_rows integer, opclass text, m integer, ef_construction integer)
 f       | jill  | execute   | YES     | ai     | indexing_hnsw(min_rows integer, opclass text, m integer, ef_construction integer)
 f       | alice | execute   | YES     | ai     | indexing_none()
 f       | bob   | execute   | no      | ai     | indexing_none()
 f       | fred  | execute   | no      | ai     | indexing_none()
 f       | jill  | execute   | YES     | ai     | indexing_none()
 f       | alice | execute   | YES     | ai     | ollama_chat_complete(_model text, _messages jsonb, _host text, _keep_alive double precision, _options jsonb)
 f       | bob   | execute   | no      | ai     | ollama_chat_complete(_model text, _messages jsonb, _host text, _keep_alive double precision, _options jsonb)
 f       | fred  | execute   | no      | ai     | ollama_chat_complete(_model text, _messages jsonb, _host text, _keep_alive double precision, _options jsonb)
 f       | jill  | execute   | YES     | ai     | ollama_chat_complete(_model text, _messages jsonb, _host text, _keep_alive double precision, _options jsonb)
 f       | alice | execute   | YES     | ai     | ollama_embed(_model text, _input text, _host text, _keep_alive double precision, _options jsonb)
 f       | bob   | execute   | no      | ai     | ollama_embed(_model text, _input text, _host text, _keep_alive double precision, _options jsonb)
 f       | fred  | execute   | no      | ai     | ollama_embed(_model text, _input text, _host text, _keep_alive double precision, _options jsonb)
 f       | jill  | execute   | YES     | ai     | ollama_embed(_model text, _input text, _host text, _keep_alive double precision, _options jsonb)
 f       | alice | execute   | YES     | ai     | ollama_generate(_model text, _prompt text, _host text, _images bytea[], _keep_alive double precision, _options jsonb, _system text, _template text, _context integer[])
 f       | bob   | execute   | no      | ai     | ollama_generate(_model text, _prompt text, _host text, _images bytea[], _keep_alive double precision, _options jsonb, _system text, _template text, _context integer[])
 f       | fred  | execute   | no      | ai     | ollama_generate(_model text, _prompt text, _host text, _images bytea[], _keep_alive double precision, _options jsonb, _system text, _template text, _context integer[])
 f       | jill  | execute   | YES     | ai     | ollama_generate(_model text, _prompt text, _host text, _images bytea[], _keep_alive double precision, _options jsonb, _system text, _template text, _context integer[])
 f       | alice | execute   | YES     | ai     | ollama_list_models(_host text)
 f       | bob   | execute   | no      | ai     | ollama_list_models(_host text)
 f       | fred  | execute   | no      | ai     | ollama_list_models(_host text)
 f       | jill  | execute   | YES     | ai     | ollama_list_models(_host text)
 f       | alice | execute   | YES     | ai     | ollama_ps(_host text)
 f       | bob   | execute   | no      | ai     | ollama_ps(_host text)
 f       | fred  | execute   | no      | ai     | ollama_ps(_host text)
 f       | jill  | execute   | YES     | ai     | ollama_ps(_host text)
 f       | alice | execute   | YES     | ai     | openai_chat_complete(_model text, _messages jsonb, _api_key text, _base_url text, _frequency_penalty double precision, _logit_bias jsonb, _logprobs boolean, _top_logprobs integer, _max_tokens integer, _n integer, _presence_penalty double precision, _response_format jsonb, _seed integer, _stop text, _temperature double precision, _top_p double precision, _tools jsonb, _tool_choice jsonb, _user text)
 f       | bob   | execute   | no      | ai     | openai_chat_complete(_model text, _messages jsonb, _api_key text, _base_url text, _frequency_penalty double precision, _logit_bias jsonb, _logprobs boolean, _top_logprobs integer, _max_tokens integer, _n integer, _presence_penalty double precision, _response_format jsonb, _seed integer, _stop text, _temperature double precision, _top_p double precision, _tools jsonb, _tool_choice jsonb, _user text)
 f       | fred  | execute   | no      | ai     | openai_chat_complete(_model text, _messages jsonb, _api_key text, _base_url text, _frequency_penalty double precision, _logit_bias jsonb, _logprobs boolean, _top_logprobs integer, _max_tokens integer, _n integer, _presence_penalty double precision, _response_format jsonb, _seed integer, _stop text, _temperature double precision, _top_p double precision, _tools jsonb, _tool_choice jsonb, _user text)
 f       | jill  | execute   | YES     | ai     | openai_chat_complete(_model text, _messages jsonb, _api_key text, _base_url text, _frequency_penalty double precision, _logit_bias jsonb, _logprobs boolean, _top_logprobs integer, _max_tokens integer, _n integer, _presence_penalty double precision, _response_format jsonb, _seed integer, _stop text, _temperature double precision, _top_p double precision, _tools jsonb, _tool_choice jsonb, _user text)
 f       | alice | execute   | YES     | ai     | openai_detokenize(_model text, _tokens integer[])
 f       | bob   | execute   | no      | ai     | openai_detokenize(_model text, _tokens integer[])
 f       | fred  | execute   | no      | ai     | openai_detokenize(_model text, _tokens integer[])
 f       | jill  | execute   | YES     | ai     | openai_detokenize(_model text, _tokens integer[])
 f       | alice | execute   | YES     | ai     | openai_embed(_model text, _input integer[], _api_key text, _base_url text, _dimensions integer, _user text)
 f       | bob   | execute   | no      | ai     | openai_embed(_model text, _input integer[], _api_key text, _base_url text, _dimensions integer, _user text)
 f       | fred  | execute   | no      | ai     | openai_embed(_model text, _input integer[], _api_key text, _base_url text, _dimensions integer, _user text)
 f       | jill  | execute   | YES     | ai     | openai_embed(_model text, _input integer[], _api_key text, _base_url text, _dimensions integer, _user text)
 f       | alice | execute   | YES     | ai     | openai_embed(_model text, _input text, _api_key text, _base_url text, _dimensions integer, _user text)
 f       | bob   | execute   | no      | ai     | openai_embed(_model text, _input text, _api_key text, _base_url text, _dimensions integer, _user text)
 f       | fred  | execute   | no      | ai     | openai_embed(_model text, _input text, _api_key text, _base_url text, _dimensions integer, _user text)
 f       | jill  | execute   | YES     | ai     | openai_embed(_model text, _input text, _api_key text, _base_url text, _dimensions integer, _user text)
 f       | alice | execute   | YES     | ai     | openai_embed(_model text, _input text[], _api_key text, _base_url text, _dimensions integer, _user text)
 f       | bob   | execute   | no      | ai     | openai_embed(_model text, _input text[], _api_key text, _base_url text, _dimensions integer, _user text)
 f       | fred  | execute   | no      | ai     | openai_embed(_model text, _input text[], _api_key text, _base_url text, _dimensions integer, _user text)
 f       | jill  | execute   | YES     | ai     | openai_embed(_model text, _input text[], _api_key text, _base_url text, _dimensions integer, _user text)
 f       | alice | execute   | YES     | ai     | openai_list_models(_api_key text, _base_url text)
 f       | bob   | execute   | no      | ai     | openai_list_models(_api_key text, _base_url text)
 f       | fred  | execute   | no      | ai     | openai_list_models(_api_key text, _base_url text)
 f       | jill  | execute   | YES     | ai     | openai_list_models(_api_key text, _base_url text)
 f       | alice | execute   | YES     | ai     | openai_moderate(_model text, _input text, _api_key text, _base_url text)
 f       | bob   | execute   | no      | ai     | openai_moderate(_model text, _input text, _api_key text, _base_url text)
 f       | fred  | execute   | no      | ai     | openai_moderate(_model text, _input text, _api_key text, _base_url text)
 f       | jill  | execute   | YES     | ai     | openai_moderate(_model text, _input text, _api_key text, _base_url text)
 f       | alice | execute   | YES     | ai     | openai_tokenize(_model text, _text text)
 f       | bob   | execute   | no      | ai     | openai_tokenize(_model text, _text text)
 f       | fred  | execute   | no      | ai     | openai_tokenize(_model text, _text text)
 f       | jill  | execute   | YES     | ai     | openai_tokenize(_model text, _text text)
 f       | alice | execute   | YES     | ai     | scheduling_none()
 f       | bob   | execute   | no      | ai     | scheduling_none()
 f       | fred  | execute   | no      | ai     | scheduling_none()
 f       | jill  | execute   | YES     | ai     | scheduling_none()
 f       | alice | execute   | YES     | ai     | scheduling_timescaledb(schedule_interval interval, initial_start timestamp with time zone, fixed_schedule boolean, timezone text)
 f       | bob   | execute   | no      | ai     | scheduling_timescaledb(schedule_interval interval, initial_start timestamp with time zone, fixed_schedule boolean, timezone text)
 f       | fred  | execute   | no      | ai     | scheduling_timescaledb(schedule_interval interval, initial_start timestamp with time zone, fixed_schedule boolean, timezone text)
 f       | jill  | execute   | YES     | ai     | scheduling_timescaledb(schedule_interval interval, initial_start timestamp with time zone, fixed_schedule boolean, timezone text)
 f       | alice | execute   | YES     | ai     | vectorizer_queue_pending(vectorizer_id integer)
 f       | bob   | execute   | no      | ai     | vectorizer_queue_pending(vectorizer_id integer)
 f       | fred  | execute   | no      | ai     | vectorizer_queue_pending(vectorizer_id integer)
 f       | jill  | execute   | YES     | ai     | vectorizer_queue_pending(vectorizer_id integer)
(236 rows)

