Table "ai._vectorizer_q_1"
   Column    |           Type           | Collation | Nullable | Default | Storage  | Compression | Stats target | Description 
-------------+--------------------------+-----------+----------+---------+----------+-------------+--------------+-------------
 title       | text                     |           | not null |         | extended |             |              | 
 published   | timestamp with time zone |           | not null |         | plain    |             |              | 
 queued_at   | timestamp with time zone |           | not null | now()   | plain    |             |              | 
 attempts    | integer                  |           | not null | 0       | plain    |             |              | 
 retry_after | timestamp with time zone |           |          |         | plain    |             |              | 
Indexes:
    "_vectorizer_q_1_title_published_idx" btree (title, published)
Access method: heap