 objtype  |   objnames    |      objargs      | description 
----------+---------------+-------------------+-------------
 function | {maria,death} | {integer,integer} | overloaded
(1 row)

