 objtype | objnames | objargs | description 
---------+----------+---------+-------------
(0 rows)

