   objtype    |    objnames     |  objargs  |                   description                    
--------------+-----------------+-----------+--------------------------------------------------
 function     | {maria,death}   | {integer} | this is a BETTER comment about the life function
 table        | {maria,bob}     | {}        | this is a BETTER comment about the bob table
 table column | {maria,bob,bar} | {}        | this is a comment about the bar column
 table column | {maria,bob,id}  | {}        | this is a comment about the id column
(4 rows)

